// Jest Snapshot v1, https://goo.gl/fbAQLP

exports[`renders pagination 1`] = `null`;
